---
source: wundergraph_cli/src/print_schema/mod.rs
expression: r
---
{
  "data": {
    "Users": []
  }
}
