---
source: wundergraph_cli/src/print_schema/mod.rs
expression: r
---
{
  "data": {
    "CreateUser": {
      "id": 1,
      "name": "Max"
    }
  }
}
